../Core/Src/main.c:108:5:main	1
../Core/Src/main.c:179:6:SystemClock_Config	3
../Core/Src/main.c:227:13:MX_CAN1_Init	2
../Core/Src/main.c:264:13:MX_TIM1_Init	5
../Core/Src/main.c:329:13:MX_TIM8_Init	5
../Core/Src/main.c:394:13:MX_GPIO_Init	1
../Core/Src/main.c:446:12:linear_map	1
../Core/Src/main.c:452:13:set_horizontal_angle	1
../Core/Src/main.c:457:13:set_vertical_angle	1
../Core/Src/main.c:462:13:can_rx_callback	2
../Core/Src/main.c:475:13:proccess_can_data	3
../Core/Src/main.c:496:6:Error_Handler	1
