../Core/Src/main.c:148:8:clamp	32	static
../Core/Src/main.c:163:5:main	8	static
../Core/Src/main.c:255:6:SystemClock_Config	88	static
../Core/Src/main.c:303:13:MX_CAN1_Init	8	static
../Core/Src/main.c:340:13:MX_TIM2_Init	48	static
../Core/Src/main.c:389:13:MX_TIM3_Init	56	static
../Core/Src/main.c:438:13:MX_TIM4_Init	56	static
../Core/Src/main.c:487:13:MX_TIM8_Init	80	static
../Core/Src/main.c:552:13:MX_GPIO_Init	48	static
../Core/Src/main.c:604:13:can_rx_callback	24	static
../Core/Src/main.c:617:13:proccess_can_data	24	static
../Core/Src/main.c:655:17:get_left_rpm	24	static
../Core/Src/main.c:678:17:get_right_rpm	24	static
../Core/Src/main.c:701:13:set_left_pwr	24	static
../Core/Src/main.c:710:13:set_right_pwr	24	static
../Core/Src/main.c:719:14:get_left_vel	16	static
../Core/Src/main.c:726:14:get_right_vel	16	static
../Core/Src/main.c:731:13:set_left_vel	48	static
../Core/Src/main.c:762:13:set_right_vel	48	static
../Core/Src/main.c:798:13:set_chassis_vel	24	static
../Core/Src/main.c:809:13:update_odometry	40	static
../Core/Src/main.c:841:6:Error_Handler	4	static,ignoring_inline_asm
