../Core/Src/main.c:143:8:clamp	3
../Core/Src/main.c:158:5:main	1
../Core/Src/main.c:238:6:SystemClock_Config	3
../Core/Src/main.c:286:13:MX_CAN1_Init	2
../Core/Src/main.c:323:13:MX_TIM2_Init	4
../Core/Src/main.c:372:13:MX_TIM3_Init	3
../Core/Src/main.c:421:13:MX_TIM4_Init	3
../Core/Src/main.c:470:13:MX_TIM8_Init	5
../Core/Src/main.c:535:13:MX_GPIO_Init	1
../Core/Src/main.c:587:13:can_rx_callback	2
../Core/Src/main.c:600:13:proccess_can_data	1
../Core/Src/main.c:611:17:get_left_rpm	2
../Core/Src/main.c:634:17:get_right_rpm	2
../Core/Src/main.c:657:13:set_left_pwr	3
../Core/Src/main.c:666:13:set_right_pwr	3
../Core/Src/main.c:675:14:get_left_vel	1
../Core/Src/main.c:682:14:get_right_vel	1
../Core/Src/main.c:687:13:set_left_vel	2
../Core/Src/main.c:718:13:set_right_vel	2
../Core/Src/main.c:754:13:set_chassis_vel	1
../Core/Src/main.c:765:13:update_odometry	4
../Core/Src/main.c:797:6:Error_Handler	1
