../Core/Src/main.c:107:8:clamp	3
../Core/Src/main.c:122:5:main	1
../Core/Src/main.c:187:6:SystemClock_Config	3
../Core/Src/main.c:235:13:MX_CAN1_Init	2
../Core/Src/main.c:272:13:MX_TIM2_Init	4
../Core/Src/main.c:321:13:MX_TIM3_Init	3
../Core/Src/main.c:370:13:MX_TIM4_Init	3
../Core/Src/main.c:419:13:MX_TIM8_Init	5
../Core/Src/main.c:484:13:MX_GPIO_Init	1
../Core/Src/main.c:536:13:can_rx_callback	2
../Core/Src/main.c:549:13:proccess_can_data	1
../Core/Src/main.c:560:17:get_left_motor_rpm	2
../Core/Src/main.c:583:17:get_right_motor_rpm	2
../Core/Src/main.c:606:13:set_left_pwr	3
../Core/Src/main.c:615:13:set_right_pwr	3
../Core/Src/main.c:633:6:Error_Handler	1
