../Core/Src/main.c:99:5:main	8	static
../Core/Src/main.c:145:6:SystemClock_Config	88	static
../Core/Src/main.c:193:13:MX_CAN1_Init	8	static
../Core/Src/main.c:230:13:MX_GPIO_Init	48	static
../Core/Src/main.c:283:13:increment_steps	24	static
../Core/Src/main.c:296:13:decrement_steps	24	static
../Core/Src/main.c:309:12:dist_to_steps	24	static
../Core/Src/main.c:315:13:can_rx_callback	24	static
../Core/Src/main.c:328:13:proccess_can_data	32	static
../Core/Src/main.c:354:6:Error_Handler	4	static,ignoring_inline_asm
