../Core/Src/main.c:123:5:main	8	static
../Core/Src/main.c:190:6:SystemClock_Config	88	static
../Core/Src/main.c:238:13:MX_CAN1_Init	8	static
../Core/Src/main.c:275:13:MX_TIM1_Init	80	static
../Core/Src/main.c:340:13:MX_TIM2_Init	48	static
../Core/Src/main.c:389:13:MX_TIM8_Init	80	static
../Core/Src/main.c:454:13:MX_GPIO_Init	48	static
../Core/Src/main.c:498:12:linear_map	40	static
../Core/Src/main.c:504:13:set_horizontal_angle	24	static
../Core/Src/main.c:523:13:set_vertical_angle	24	static
../Core/Src/main.c:546:6:can_rx_callback	24	static
../Core/Src/main.c:559:13:proccess_can_data	24	static
../Core/Src/main.c:580:6:Error_Handler	4	static,ignoring_inline_asm
