../Core/Src/main.c:123:5:main	1
../Core/Src/main.c:190:6:SystemClock_Config	3
../Core/Src/main.c:238:13:MX_CAN1_Init	2
../Core/Src/main.c:275:13:MX_TIM1_Init	5
../Core/Src/main.c:340:13:MX_TIM2_Init	4
../Core/Src/main.c:389:13:MX_TIM8_Init	5
../Core/Src/main.c:454:13:MX_GPIO_Init	1
../Core/Src/main.c:498:12:linear_map	1
../Core/Src/main.c:504:13:set_horizontal_angle	5
../Core/Src/main.c:523:13:set_vertical_angle	5
../Core/Src/main.c:546:6:can_rx_callback	2
../Core/Src/main.c:559:13:proccess_can_data	3
../Core/Src/main.c:580:6:Error_Handler	1
