../Core/Src/main.c:110:5:main	8	static
../Core/Src/main.c:175:6:SystemClock_Config	88	static
../Core/Src/main.c:223:13:MX_CAN1_Init	8	static
../Core/Src/main.c:260:13:MX_TIM1_Init	80	static
../Core/Src/main.c:325:13:MX_TIM8_Init	80	static
../Core/Src/main.c:390:13:MX_GPIO_Init	48	static
../Core/Src/main.c:442:12:linear_map	40	static
../Core/Src/main.c:448:13:set_horizontal_angle	16	static
../Core/Src/main.c:453:13:set_vertical_angle	16	static
../Core/Src/main.c:458:6:can_rx_callback	24	static
../Core/Src/main.c:471:13:proccess_can_data	24	static
../Core/Src/main.c:492:6:Error_Handler	4	static,ignoring_inline_asm
