../Core/Src/main.c:125:5:main	6
../Core/Src/main.c:196:6:SystemClock_Config	3
../Core/Src/main.c:244:13:MX_CAN1_Init	2
../Core/Src/main.c:281:13:MX_TIM2_Init	4
../Core/Src/main.c:330:13:MX_GPIO_Init	1
../Core/Src/main.c:389:13:start_motor_movement	5
../Core/Src/main.c:414:12:get_bottom_limit	1
../Core/Src/main.c:418:12:get_top_limit	1
../Core/Src/main.c:422:12:dist_to_steps	1
../Core/Src/main.c:427:14:steps_to_dist	1
../Core/Src/main.c:433:13:can_rx_callback	2
../Core/Src/main.c:446:13:proccess_can_data	4
../Core/Src/main.c:463:6:HAL_TIM_PWM_PulseFinishedCallback	6
../Core/Src/main.c:487:6:Error_Handler	1
