../Core/Src/main.c:125:5:main	16	static
../Core/Src/main.c:196:6:SystemClock_Config	88	static
../Core/Src/main.c:244:13:MX_CAN1_Init	8	static
../Core/Src/main.c:281:13:MX_TIM2_Init	48	static
../Core/Src/main.c:330:13:MX_GPIO_Init	48	static
../Core/Src/main.c:389:13:start_motor_movement	16	static
../Core/Src/main.c:414:12:get_bottom_limit	8	static
../Core/Src/main.c:418:12:get_top_limit	4	static
../Core/Src/main.c:422:12:dist_to_steps	24	static
../Core/Src/main.c:427:14:steps_to_dist	24	static
../Core/Src/main.c:433:13:can_rx_callback	24	static
../Core/Src/main.c:446:13:proccess_can_data	24	static
../Core/Src/main.c:463:6:HAL_TIM_PWM_PulseFinishedCallback	16	static
../Core/Src/main.c:487:6:Error_Handler	4	static,ignoring_inline_asm
