../Core/Src/main.c:80:5:main	8	static
../Core/Src/main.c:142:6:SystemClock_Config	88	static
../Core/Src/main.c:197:13:MX_CAN1_Init	8	static
../Core/Src/main.c:234:13:MX_TIM1_Init	80	static
../Core/Src/main.c:299:13:MX_TIM3_Init	48	static
../Core/Src/main.c:348:13:MX_GPIO_Init	48	static
../Core/Src/main.c:399:12:linearMap	40	static
../Core/Src/main.c:404:13:setHorizontalAngle	16	static
../Core/Src/main.c:408:13:setVerticalAngle	16	static
../Core/Src/main.c:417:6:Error_Handler	4	static,ignoring_inline_asm
